// Jest Snapshot v1, https://goo.gl/fbAQLP

exports[`Questions component when no internet connection displays Please wait message when questions are loading 1`] = `
<div
  className="MuiBox-root css-1rukdcg"
>
  <p
    className="MuiTypography-root MuiTypography-body1 css-ahj2mt-MuiTypography-root"
  >
    Please wait...
  </p>
  <span
    className="MuiCircularProgress-root MuiCircularProgress-indeterminate MuiCircularProgress-colorPrimary css-ql5zp4-MuiCircularProgress-root"
    role="progressbar"
    style={
      Object {
        "height": 40,
        "width": 40,
      }
    }
  >
    <svg
      className="MuiCircularProgress-svg css-1idz92c-MuiCircularProgress-svg"
      viewBox="22 22 44 44"
    >
      <circle
        className="MuiCircularProgress-circle MuiCircularProgress-circleIndeterminate css-176wh8e-MuiCircularProgress-circle"
        cx={44}
        cy={44}
        fill="none"
        r={20.2}
        strokeWidth={3.6}
        style={Object {}}
      />
    </svg>
  </span>
</div>
`;

exports[`Questions component when no internet connection displays sorry message when network is off or any error comes while fetching question 1`] = `
<div
  className="MuiBox-root css-fzwid6"
>
  <div
    className="MuiStack-root css-w004l2-MuiStack-root"
  >
    <div
      className="MuiPaper-root MuiPaper-elevation MuiPaper-rounded MuiPaper-elevation1 MuiCard-root css-12tahcv-MuiPaper-root-MuiCard-root"
    >
      <div
        className="MuiCardHeader-root css-185gdzj-MuiCardHeader-root"
      >
        <div
          className="MuiCardHeader-content css-1qbkelo-MuiCardHeader-content"
        >
          <span
            className="MuiTypography-root MuiTypography-h5 MuiCardHeader-title css-1qvr50w-MuiTypography-root"
          >
            <img
              alt="Sorry Icon"
              src="sorry.png"
              style={
                Object {
                  "borderRadius": "50%",
                  "boxShadow": " 0 0 20px blue",
                  "width": "50px",
                }
              }
            />
          </span>
        </div>
      </div>
      <div
        className="MuiCardContent-root css-46bh2p-MuiCardContent-root"
      >
        <p
          className="MuiTypography-root MuiTypography-body1 css-ahj2mt-MuiTypography-root"
        >
          Sorry we are unable to fetch question at this moment!
        </p>
      </div>
      <div
        className="MuiCardContent-root css-46bh2p-MuiCardContent-root"
      >
        <button
          className="MuiButtonBase-root MuiButton-root MuiButton-text MuiButton-textPrimary MuiButton-sizeMedium MuiButton-textSizeMedium MuiButton-root MuiButton-text MuiButton-textPrimary MuiButton-sizeMedium MuiButton-textSizeMedium css-7jy877-MuiButtonBase-root-MuiButton-root"
          disabled={false}
          onBlur={[Function]}
          onClick={[Function]}
          onContextMenu={[Function]}
          onDragLeave={[Function]}
          onFocus={[Function]}
          onKeyDown={[Function]}
          onKeyUp={[Function]}
          onMouseDown={[Function]}
          onMouseLeave={[Function]}
          onMouseUp={[Function]}
          onTouchEnd={[Function]}
          onTouchMove={[Function]}
          onTouchStart={[Function]}
          tabIndex={0}
          type="button"
        >
          <span
            className="MuiButton-startIcon MuiButton-iconSizeMedium css-1d6wzja-MuiButton-startIcon"
          >
            <svg
              aria-hidden={true}
              className="MuiSvgIcon-root MuiSvgIcon-fontSizeMedium css-i4bv87-MuiSvgIcon-root"
              data-testid="ArrowLeftIcon"
              focusable="false"
              viewBox="0 0 24 24"
            >
              <path
                d="m14 7-5 5 5 5V7z"
              />
            </svg>
          </span>
          Home
        </button>
      </div>
    </div>
  </div>
</div>
`;
