// Jest Snapshot v1, https://goo.gl/fbAQLP

exports[`Skills snapshot Skills 1`] = `
<div
  className="MuiBox-root css-0"
>
  <div
    className="MuiBox-root css-jmdsto"
  >
    <h4
      className="MuiTypography-root MuiTypography-h4 css-1lw9fw4-MuiTypography-root"
    >
      Choose a topic
    </h4>
    <p
      className="MuiTypography-root MuiTypography-body1 css-u030s2-MuiTypography-root"
      varient="h6"
    >
      Test you knowledge on various topics
    </p>
  </div>
  <div
    className="MuiStack-root css-1fkxkcb-MuiStack-root"
  >
    <div
      className="MuiPaper-root MuiPaper-elevation MuiPaper-rounded MuiPaper-elevation1 MuiCard-root css-10g526f-MuiPaper-root-MuiCard-root"
    >
      <div
        className="MuiCardContent-root css-46bh2p-MuiCardContent-root"
      >
        <div
          className="MuiBox-root css-xi606m"
        >
          <img
            alt="HTML"
            height="75px"
            src="data:image/png;base64,iVBORw0KGgoAAAANSUhEUgAAAgAAAAIACAMAAADDpiTIAAAAA3NCSVQICAjb4U/gAAAACXBIWXMAABBTAAAQUwGKEV3UAAAAGXRFWHRTb2Z0d2FyZQB3d3cuaW5rc2NhcGUub3Jnm+48GgAAAwBQTFRF/////EkL/EkL/EkL/EkL/EkL/EkL/EkL/EkL/EkL/EkL/EkL/EkL/EkL/EkL/EkL/EkL/EkL/EkL/EkL/EkL/EkL/EkL/EkL/EkL/EkL/EkL/EkL/EkL/EkL/EkL/EkL/EkL/EkL/EkL/EkL/EkL/EkL/EkL/EkL/EkL/EkL/EkL/EkL/EkL/EkL/EkL/EkL/EkL/EkL/EkL/EkL/EkL/EkL/EkL/EkL/EkL/EkL/EkL/EkL/EkL/EkL/EkL/EkL/EkL/EkL/EkL/EkL/EkL/EkL/EkL/EkL/EkL/EkL/EkL/EkL/EkL/EkL/EkL/EkL/EkL/E..."
            width="auto"
          />
          <p
            className="MuiTypography-root MuiTypography-body1 css-vafk8z-MuiTypography-root"
          >
            HTML
          </p>
          <div />
          <button
            className="MuiButtonBase-root MuiButton-root MuiButton-text MuiButton-textPrimary MuiButton-sizeMedium MuiButton-textSizeMedium MuiButton-root MuiButton-text MuiButton-textPrimary MuiButton-sizeMedium MuiButton-textSizeMedium css-1e6y48t-MuiButtonBase-root-MuiButton-root"
            data-testid="takeQuizButton"
            disabled={false}
            onBlur={[Function]}
            onClick={[Function]}
            onContextMenu={[Function]}
            onDragLeave={[Function]}
            onFocus={[Function]}
            onKeyDown={[Function]}
            onKeyUp={[Function]}
            onMouseDown={[Function]}
            onMouseLeave={[Function]}
            onMouseUp={[Function]}
            onTouchEnd={[Function]}
            onTouchMove={[Function]}
            onTouchStart={[Function]}
            tabIndex={0}
            type="button"
          >
            <span
              className="MuiTypography-root MuiTypography-body css-6dq5cv-MuiTypography-root"
              onClick={[Function]}
            >
              Take a quiz
            </span>
          </button>
        </div>
      </div>
    </div>
    <div
      className="MuiPaper-root MuiPaper-elevation MuiPaper-rounded MuiPaper-elevation1 MuiCard-root css-10g526f-MuiPaper-root-MuiCard-root"
    >
      <div
        className="MuiCardContent-root css-46bh2p-MuiCardContent-root"
      >
        <div
          className="MuiBox-root css-xi606m"
        >
          <img
            alt="JavaScript"
            height="75px"
            src="/static/media/js.3dfb665e058d08c99f28.png"
            width="auto"
          />
          <p
            className="MuiTypography-root MuiTypography-body1 css-vafk8z-MuiTypography-root"
          >
            JavaScript
          </p>
          <div />
          <button
            className="MuiButtonBase-root MuiButton-root MuiButton-text MuiButton-textPrimary MuiButton-sizeMedium MuiButton-textSizeMedium MuiButton-root MuiButton-text MuiButton-textPrimary MuiButton-sizeMedium MuiButton-textSizeMedium css-1e6y48t-MuiButtonBase-root-MuiButton-root"
            data-testid="takeQuizButton"
            disabled={false}
            onBlur={[Function]}
            onClick={[Function]}
            onContextMenu={[Function]}
            onDragLeave={[Function]}
            onFocus={[Function]}
            onKeyDown={[Function]}
            onKeyUp={[Function]}
            onMouseDown={[Function]}
            onMouseLeave={[Function]}
            onMouseUp={[Function]}
            onTouchEnd={[Function]}
            onTouchMove={[Function]}
            onTouchStart={[Function]}
            tabIndex={0}
            type="button"
          >
            <span
              className="MuiTypography-root MuiTypography-body css-6dq5cv-MuiTypography-root"
              onClick={[Function]}
            >
              Take a quiz
            </span>
          </button>
        </div>
      </div>
    </div>
    <div
      className="MuiPaper-root MuiPaper-elevation MuiPaper-rounded MuiPaper-elevation1 MuiCard-root css-10g526f-MuiPaper-root-MuiCard-root"
    >
      <div
        className="MuiCardContent-root css-46bh2p-MuiCardContent-root"
      >
        <div
          className="MuiBox-root css-xi606m"
        >
          <img
            alt="Sql"
            height="75px"
            src="/static/media/sql-server.86cdb54cc5fc9c392ebd.png"
            width="auto"
          />
          <p
            className="MuiTypography-root MuiTypography-body1 css-vafk8z-MuiTypography-root"
          >
            Sql
          </p>
          <div />
          <button
            className="MuiButtonBase-root MuiButton-root MuiButton-text MuiButton-textPrimary MuiButton-sizeMedium MuiButton-textSizeMedium MuiButton-root MuiButton-text MuiButton-textPrimary MuiButton-sizeMedium MuiButton-textSizeMedium css-1e6y48t-MuiButtonBase-root-MuiButton-root"
            data-testid="takeQuizButton"
            disabled={false}
            onBlur={[Function]}
            onClick={[Function]}
            onContextMenu={[Function]}
            onDragLeave={[Function]}
            onFocus={[Function]}
            onKeyDown={[Function]}
            onKeyUp={[Function]}
            onMouseDown={[Function]}
            onMouseLeave={[Function]}
            onMouseUp={[Function]}
            onTouchEnd={[Function]}
            onTouchMove={[Function]}
            onTouchStart={[Function]}
            tabIndex={0}
            type="button"
          >
            <span
              className="MuiTypography-root MuiTypography-body css-6dq5cv-MuiTypography-root"
              onClick={[Function]}
            >
              Take a quiz
            </span>
          </button>
        </div>
      </div>
    </div>
    <div
      className="MuiPaper-root MuiPaper-elevation MuiPaper-rounded MuiPaper-elevation1 MuiCard-root css-10g526f-MuiPaper-root-MuiCard-root"
    >
      <div
        className="MuiCardContent-root css-46bh2p-MuiCardContent-root"
      >
        <div
          className="MuiBox-root css-xi606m"
        >
          <img
            alt="DevOps"
            height="75px"
            src="/static/media/devops.6e9bb2987f60edc01514.png"
            width="auto"
          />
          <p
            className="MuiTypography-root MuiTypography-body1 css-vafk8z-MuiTypography-root"
          >
            DevOps
          </p>
          <div />
          <button
            className="MuiButtonBase-root MuiButton-root MuiButton-text MuiButton-textPrimary MuiButton-sizeMedium MuiButton-textSizeMedium MuiButton-root MuiButton-text MuiButton-textPrimary MuiButton-sizeMedium MuiButton-textSizeMedium css-1e6y48t-MuiButtonBase-root-MuiButton-root"
            data-testid="takeQuizButton"
            disabled={false}
            onBlur={[Function]}
            onClick={[Function]}
            onContextMenu={[Function]}
            onDragLeave={[Function]}
            onFocus={[Function]}
            onKeyDown={[Function]}
            onKeyUp={[Function]}
            onMouseDown={[Function]}
            onMouseLeave={[Function]}
            onMouseUp={[Function]}
            onTouchEnd={[Function]}
            onTouchMove={[Function]}
            onTouchStart={[Function]}
            tabIndex={0}
            type="button"
          >
            <span
              className="MuiTypography-root MuiTypography-body css-6dq5cv-MuiTypography-root"
              onClick={[Function]}
            >
              Take a quiz
            </span>
          </button>
        </div>
      </div>
    </div>
  </div>
</div>
`;
